                                                                      Page 1
                                                              C:\Users\a5085281\AppData\Local\Temp\gh_0000fsk1.s
Command Line: C:\ghs\comp_201715\ease850.exe -w -elf -b0 -I.\tgt -I.\src -I.\src\can -I.\src\clock -I.\src\external interrupt -I.\src\port -I.\src\TAUB\Interval_timer -I.\src\RTOS -I.\src\RTOS\include -I.\src\RTOS\portable -I.\src\RTOS\portable\GHS -I.\src\RTOS\portable\GHS\MemMang -I.\src\Config_OSTM0 -IC:\ghs\comp_201715\lib\rh850 -cg_underscore -cpu=rh850g3kh -nofpu_double -no_v850_simd -nomacro -patch_dbo=D:\working\My_workArea\Renesas_training\Training Material\GHS\Thomas Training\freeRTOS_IVT_placement_from_ARRAY\R7F7016904\objs\debug\src_R7F7016904\ISR_function.dbo -source=ISR_function.c -o objs\debug\src_R7F7016904\gh_0000fsk1.o -list=objs\debug\src_R7F7016904\ISR_function.lst C:\Users\a5085281\AppData\Local\Temp\gh_0000fsk1.s 
Original File: C:\Users\a5085281\AppData\Local\Temp\gh_0000fsk1.s
Source File: ISR_function.c
Directory: D:\working\My_workArea\Renesas_training\Training Material\GHS\Thomas Training\freeRTOS_IVT_placement_from_ARRAY\R7F7016904
Host OS: Windows
EASE: Copyright (C) 1983-2016 Green Hills Software.  All Rights Reserved.
Release: Compiler v2017.1.5
Build Directory: [Directory] BTOWINBOX:c:/build_2017_1_bto/2017-04-10.1915-2017_1_bto/win32-comp-ecom
Revision: [VCInfo] http://toolsvc/branches/release-branch-2017-1-bto/src@589663 (built by build)
Revision Date: Tue Apr 11 09:18:51 2017

Release Date: Tue Apr 11 11:11:44 2017

                           1 --Driver Command: ccv850 -c -MD -I.\tgt -I.\src -I.\src\can -I.\src\clock
                           2 --		-I.\src\external interrupt -I.\src\port
                           3 --		-I.\src\TAUB\Interval_timer -I.\src\RTOS -I.\src\RTOS\include
                           4 --		-I.\src\RTOS\portable -I.\src\RTOS\portable\GHS
                           5 --		-I.\src\RTOS\portable\GHS\MemMang -I.\src\Config_OSTM0 -Odebug
                           6 --		-bsp generic -cpu=rh850g3kh -g -dual_debug -inline_prologue
                           7 --		-sda=all -Wundef -reserve_r2 --short_enum --prototype_errors
                           8 --		-large_sda --no_commons -shorten_loads -shorten_moves -Wshadow
                           9 --		-MD -passsource --preprocess_linker_directive_full --switch_table
                          10 --		-list -object_dir=objs\debug\src_R7F7016904 -filetype.c
                          11 --		src\ISR_function.c -o objs\debug\src_R7F7016904\ISR_function.o
                          12 --Source File:   src\ISR_function.c
                          13 --Directory:     D:\working\My_workArea\Renesas_training\Training
                          14 --		Material\GHS\Thomas
                          15 --		Training\freeRTOS_IVT_placement_from_ARRAY\R7F7016904
                          16 --Compile Date:  Fri Feb 19 17:03:27 2021
                          17 --Host OS:       Win32
                          18 --Version:       C-RH850 2017.1.5 RELEASE VERSION
                          19 --Release:       Compiler v2017.1.5
                          20 --Revision Date: Tue Apr 11 09:29:40 2017
                          21 --Release Date:  Tue Apr 11 11:12:26 2017
                          22 -- ecom  -g -w
                          23 
                          24 --1: void main_pe0( void)
                          25 	.text
                          26 ..bof.D.3A.5Cworking.5CMy_workArea.5CRenesas_training.5CTraining.20Material.5CGHS.5CThomas.20Training.5CfreeRTOS_IVT_placement_from_ARRAY.5CR7F7016904.5Cobjs.5Cdebug.5Csrc_R7F7016904.5CISR_function...44.3A.5Cworking.5CMy_workArea.5CRenesas_training.5CTraining.20Material.5CGHS.5CThomas.20Training.5CfreeRTOS_IVT_placement_from_ARRAY.5CR7F7016904..602FA207..0::
                          27 	.align	2
                          28 	.align	2
                          29 ..gh.f.a.2.e.0:
                          30 	.type	..gh.f.a.2.e.0,@object
                          31 	.size	..gh.f.a.2.e.0,0
                          32 	.global	_main_pe0
                          33 _main_pe0:
                          34 --	    .bf
                          35 .LDW01:
                          36 --2: {
                          37 --3:     asm("nop");
                          38 ..gh.beginasm.1:
                          39 	.type	..gh.beginasm.1,@object
                          40 	.size	..gh.beginasm.1,0
00000000 0000             41 nop
                          42 
                          43 ..gh.endasm.2:
                          44 	.type	..gh.endasm.2,@object
                          45 	.size	..gh.endasm.2,0
                          46 --4: }
                          47 --	    .ef
                          48 .LDW11:
                          49 --line4
                          50 ..lin.25e51bfe..ec0d560d.0_1::

                                                                      Page 2
                                                              C:\Users\a5085281\AppData\Local\Temp\gh_0000fsk1.s
                          51 .LDWlin1:
                          52 	.jumptype return
00000002 7f00             53 	jmp	[lp]
                          54 ..lin.25e51bfe..ec0d560d.0_2::
                          55 .LDWlin2:
                          56 	.global	___ghs_eofn_main_pe0
                          57 ___ghs_eofn_main_pe0:
                          58 	.type	_main_pe0,@function
                          59 	.size	_main_pe0,.-_main_pe0
                          60 	.align	2
                          61 
                          62 	.section ".bss","awb"
                          63 .L34:
                          64 	.type	.L34,@object
                          65 	.size	.L34,0
                          66 	.data
                          67 	.text
                          68 
                          69 
                          70 --6: void main_pe1( void)
                          71 	.align	2
                          72 	.align	2
                          73 	.align	2
                          74 ..gh.f.a.2.e.3:
                          75 	.type	..gh.f.a.2.e.3,@object
                          76 	.size	..gh.f.a.2.e.3,0
                          77 	.global	_main_pe1
                          78 _main_pe1:
                          79 --	    .bf
                          80 .LDW21:
                          81 --7: {
                          82 --8:     asm("nop");
                          83 ..gh.beginasm.4:
                          84 	.type	..gh.beginasm.4,@object
                          85 	.size	..gh.beginasm.4,0
00000004 0000             86 nop
                          87 
                          88 ..gh.endasm.5:
                          89 	.type	..gh.endasm.5,@object
                          90 	.size	..gh.endasm.5,0
                          91 --9: }
                          92 --	    .ef
                          93 .LDW31:
                          94 --line9
                          95 ..lin.25e51bfe..ec0d560e.0_3::
                          96 .LDWlin3:
                          97 	.jumptype return
00000006 7f00             98 	jmp	[lp]
                          99 ..lin.25e51bfe..ec0d560e.0_4::
                         100 .LDWlin4:
                         101 	.global	___ghs_eofn_main_pe1
                         102 ___ghs_eofn_main_pe1:
                         103 	.type	_main_pe1,@function
                         104 	.size	_main_pe1,.-_main_pe1
                         105 	.align	2
                         106 
                         107 	.section ".bss","awb"
                         108 .L82:
                         109 	.type	.L82,@object
                         110 	.size	.L82,0
                         111 	.data

                                                                      Page 3
                                                              C:\Users\a5085281\AppData\Local\Temp\gh_0000fsk1.s
                         112 	.text
                         113 
                         114 
                         115 --11: void main_pe2( void)
                         116 	.align	2
                         117 	.align	2
                         118 	.align	2
                         119 ..gh.f.a.2.e.6:
                         120 	.type	..gh.f.a.2.e.6,@object
                         121 	.size	..gh.f.a.2.e.6,0
                         122 	.global	_main_pe2
                         123 _main_pe2:
                         124 --	    .bf
                         125 .LDW41:
                         126 --12: {
                         127 --13:     asm("nop");
                         128 ..gh.beginasm.7:
                         129 	.type	..gh.beginasm.7,@object
                         130 	.size	..gh.beginasm.7,0
00000008 0000            131 nop
                         132 
                         133 ..gh.endasm.8:
                         134 	.type	..gh.endasm.8,@object
                         135 	.size	..gh.endasm.8,0
                         136 --14: }
                         137 --	    .ef
                         138 .LDW51:
                         139 --line14
                         140 ..lin.25e51bfe..ec0d560f.0_5::
                         141 .LDWlin5:
                         142 	.jumptype return
0000000a 7f00            143 	jmp	[lp]
                         144 ..lin.25e51bfe..ec0d560f.0_6::
                         145 .LDWlin6:
                         146 	.global	___ghs_eofn_main_pe2
                         147 ___ghs_eofn_main_pe2:
                         148 	.type	_main_pe2,@function
                         149 	.size	_main_pe2,.-_main_pe2
                         150 	.align	2
                         151 
                         152 	.section ".bss","awb"
                         153 .L130:
                         154 	.type	.L130,@object
                         155 	.size	.L130,0
                         156 	.data
                         157 	.text
                         158 
                         159 
                         160 --16: void main_pe3( void)
                         161 	.align	2
                         162 	.align	2
                         163 	.align	2
                         164 ..gh.f.a.2.e.9:
                         165 	.type	..gh.f.a.2.e.9,@object
                         166 	.size	..gh.f.a.2.e.9,0
                         167 	.global	_main_pe3
                         168 _main_pe3:
                         169 --	    .bf
                         170 .LDW61:
                         171 --17: {
                         172 --18:     asm("nop");

                                                                      Page 4
                                                              C:\Users\a5085281\AppData\Local\Temp\gh_0000fsk1.s
                         173 ..gh.beginasm.10:
                         174 	.type	..gh.beginasm.10,@object
                         175 	.size	..gh.beginasm.10,0
0000000c 0000            176 nop
                         177 
                         178 ..gh.endasm.11:
                         179 	.type	..gh.endasm.11,@object
                         180 	.size	..gh.endasm.11,0
                         181 --19: }
                         182 --	    .ef
                         183 .LDW71:
                         184 --line19
                         185 ..lin.25e51bfe..ec0d5610.0_7::
                         186 .LDWlin7:
                         187 	.jumptype return
0000000e 7f00            188 	jmp	[lp]
                         189 ..lin.25e51bfe..ec0d5610.0_8::
                         190 .LDWlin8:
                         191 	.global	___ghs_eofn_main_pe3
                         192 ___ghs_eofn_main_pe3:
                         193 	.type	_main_pe3,@function
                         194 	.size	_main_pe3,.-_main_pe3
                         195 	.align	2
                         196 
                         197 	.section ".bss","awb"
                         198 .L178:
                         199 	.type	.L178,@object
                         200 	.size	.L178,0
                         201 	.data
                         202 	.text
                         203 
                         204 
                         205 --21: void main_pe4( void)
                         206 	.align	2
                         207 	.align	2
                         208 	.align	2
                         209 ..gh.f.a.2.e.12:
                         210 	.type	..gh.f.a.2.e.12,@object
                         211 	.size	..gh.f.a.2.e.12,0
                         212 	.global	_main_pe4
                         213 _main_pe4:
                         214 --	    .bf
                         215 .LDW81:
                         216 --22: {
                         217 --23:     asm("nop");
                         218 ..gh.beginasm.13:
                         219 	.type	..gh.beginasm.13,@object
                         220 	.size	..gh.beginasm.13,0
00000010 0000            221 nop
                         222 
                         223 ..gh.endasm.14:
                         224 	.type	..gh.endasm.14,@object
                         225 	.size	..gh.endasm.14,0
                         226 --24: }
                         227 --	    .ef
                         228 .LDW91:
                         229 --line24
                         230 ..lin.25e51bfe..ec0d5611.0_9::
                         231 .LDWlin9:
                         232 	.jumptype return
00000012 7f00            233 	jmp	[lp]

                                                                      Page 5
                                                              C:\Users\a5085281\AppData\Local\Temp\gh_0000fsk1.s
                         234 ..lin.25e51bfe..ec0d5611.0_10::
                         235 .LDWlin10:
                         236 	.global	___ghs_eofn_main_pe4
                         237 ___ghs_eofn_main_pe4:
                         238 	.type	_main_pe4,@function
                         239 	.size	_main_pe4,.-_main_pe4
                         240 	.align	2
                         241 
                         242 	.section ".bss","awb"
                         243 .L226:
                         244 	.type	.L226,@object
                         245 	.size	.L226,0
                         246 	.data
                         247 	.text
                         248 
                         249 	.align	2
                         250 
                         251 	.data
                         252 	.ghsnote version,19
                         253 	.ghsnote tools,8195
                         254 	.ghsnote options,656
                         255 	.text
                         256 	.align	2
                         257 ..eof.D.3A.5Cworking.5CMy_workArea.5CRenesas_training.5CTraining.20Material.5CGHS.5CThomas.20Training.5CfreeRTOS_IVT_placement_from_ARRAY.5CR7F7016904.5Cobjs.5Cdebug.5Csrc_R7F7016904.5CISR_function...44.3A.5Cworking.5CMy_workArea.5CRenesas_training.5CTraining.20Material.5CGHS.5CThomas.20Training.5CfreeRTOS_IVT_placement_from_ARRAY.5CR7F7016904..602FA207..0::
                         258 	.section	.debug_info
                         259 .Ldw_begin:
00000000 ba010000        260 	.word	.Ldw_end-.Ldw_begin-4
00000004 0200            261 	.byte	2,0
00000006 00000000*       262 	.word	.Ldw_abbr_begin
0000000a 04              263 	.byte	4
                         264 	.section	.debug_abbrev
                         265 .Ldw_abbr_begin:
                         266 	.section	.debug_info
0000000b 01              267 	.byte	1
0000000c 00000000*       268 	.word	..bof.D.3A.5Cworking.5CMy_workArea.5CRenesas_training.5CTraining.20Material.5CGHS.5CThomas.20Training.5CfreeRTOS_IVT_placement_from_ARRAY.5CR7F7016904.5Cobjs.5Cdebug.5Csrc_R7F7016904.5CISR_function...44.3A.5Cworking.5CMy_workArea.5CRenesas_training.5CTraining.20Material.5CGHS.5CThomas.20Training.5CfreeRTOS_IVT_placement_from_ARRAY.5CR7F7016904..602FA207..0
00000010 00000000*       269 	.word	..eof.D.3A.5Cworking.5CMy_workArea.5CRenesas_training.5CTraining.20Material.5CGHS.5CThomas.20Training.5CfreeRTOS_IVT_placement_from_ARRAY.5CR7F7016904.5Cobjs.5Cdebug.5Csrc_R7F7016904.5CISR_function...44.3A.5Cworking.5CMy_workArea.5CRenesas_training.5CTraining.20Material.5CGHS.5CThomas.20Training.5CfreeRTOS_IVT_placement_from_ARRAY.5CR7F7016904..602FA207..0
00000014 7372635c4953    270 	.strz	"src\\ISR_function.c"
0000001a 525f66756e63 
00000020 74696f6e2e63 
00000026 00 
00000027 443a5c776f72    271 	.strz	"D:\\working\\My_workArea\\Renesas_training\\Training Material\\GHS\\Thomas Training\\freeRTOS_IVT_placement_from_ARRAY\\R7F7016904"
0000002d 6b696e675c4d 
00000033 795f776f726b 
00000039 417265615c52 
0000003f 656e65736173 
00000045 5f747261696e 
0000004b 696e675c5472 
00000051 61696e696e67 
00000057 204d61746572 
0000005d 69616c5c4748 
00000063 535c54686f6d 
00000069 617320547261 
0000006f 696e696e675c 
00000075 667265655254 
0000007b 4f535f495654 
00000081 5f706c616365 
00000087 6d656e745f66 
0000008d 726f6d5f4152 
00000093 5241595c5237 
00000099 463730313639 
0000009f 303400 

                                                                      Page 6
                                                              C:\Users\a5085281\AppData\Local\Temp\gh_0000fsk1.s
000000a2 474853204320    272 	.strz	"GHS C 2017.1.5 [dual]"
000000a8 323031372e31 
000000ae 2e35205b6475 
000000b4 616c5d00 
000000b8 0100            273 	.byte	1,0
000000ba 00000000*       274 	.word	.Ldw_line_begin
000000be 00000000*       275 	.word	.Ldw_macinfo_begin
000000c2 00              276 	.byte	0
                         277 
                         278 	.section	.debug_abbrev
00000000 01              279 	.byte	1
00000001 11              280 	.byte	17
00000002 01              281 	.byte	1
00000003 1101            282 	.byte	17,1
00000005 1201            283 	.byte	18,1
00000007 0308            284 	.byte	3,8
00000009 1b08            285 	.byte	27,8
0000000b 2508            286 	.byte	37,8
0000000d 1305            287 	.byte	19,5
0000000f 1006            288 	.byte	16,6
00000011 4306            289 	.byte	67,6
00000013 420b            290 	.byte	66,11
00000015 0000            291 	.byte	0,0
                         292 
                         293 	.section	.debug_line
                         294 .Ldw_line_begin:
00000000 d2000000        295 	.word	.Ldw_line_end-.Ldw_line_begin-4
00000004 0200            296 	.byte	2,0
00000006 00000000*       297 	.word	.Ldw_lpro_end-.Ldw_lpro_begin
                         298 .Ldw_lpro_begin:
0000000a 01              299 	.byte	1
0000000b 00              300 	.byte	0
0000000c 00              301 	.byte	0
0000000d 04              302 	.byte	4
0000000e 0a              303 	.byte	10
0000000f 000101          304 	.byte	0,1,1
00000012 010100          305 	.byte	1,1,0
00000015 000001          306 	.byte	0,0,1
00000018 00              307 	.byte	0
00000019 7372635c4953    308 	.strz	"src\\ISR_function.c"
0000001f 525f66756e63 
00000025 74696f6e2e63 
0000002b 00 
0000002c 000000          309 	.byte	0,0,0
0000002f 00              310 	.byte	0
                         311 .Ldw_lpro_end:
                         312 	.section	.debug_macinfo
                         313 .Ldw_macinfo_begin:
                         314 	.section	.debug_frame
                         315 .LDW_586dfb0:
00000000 00000000*       316 	.word	.LDW_unq_2-.LDW_unq_1
                         317 .LDW_unq_1:
00000004 ffffffff        318 	.byte	255,255,255,255
00000008 01              319 	.byte	1
00000009 00              320 	.byte	0
0000000a 01              321 	.byte	1
0000000b 01              322 	.byte	1
0000000c 1f              323 	.byte	31
0000000d 0c              324 	.byte	12
0000000e 03              325 	.byte	3
0000000f 00              326 	.byte	0

                                                                      Page 7
                                                              C:\Users\a5085281\AppData\Local\Temp\gh_0000fsk1.s
00000010 07              327 	.byte	7
00000011 00              328 	.byte	0
00000012 07              329 	.byte	7
00000013 01              330 	.byte	1
00000014 07              331 	.byte	7
00000015 02              332 	.byte	2
00000016 07              333 	.byte	7
00000017 03              334 	.byte	3
00000018 07              335 	.byte	7
00000019 04              336 	.byte	4
0000001a 07              337 	.byte	7
0000001b 05              338 	.byte	5
0000001c 07              339 	.byte	7
0000001d 06              340 	.byte	6
0000001e 07              341 	.byte	7
0000001f 07              342 	.byte	7
00000020 07              343 	.byte	7
00000021 08              344 	.byte	8
00000022 07              345 	.byte	7
00000023 09              346 	.byte	9
00000024 07              347 	.byte	7
00000025 0a              348 	.byte	10
00000026 07              349 	.byte	7
00000027 0b              350 	.byte	11
00000028 07              351 	.byte	7
00000029 0c              352 	.byte	12
0000002a 07              353 	.byte	7
0000002b 0d              354 	.byte	13
0000002c 07              355 	.byte	7
0000002d 0e              356 	.byte	14
0000002e 07              357 	.byte	7
0000002f 0f              358 	.byte	15
00000030 07              359 	.byte	7
00000031 10              360 	.byte	16
00000032 07              361 	.byte	7
00000033 11              362 	.byte	17
00000034 07              363 	.byte	7
00000035 12              364 	.byte	18
00000036 07              365 	.byte	7
00000037 13              366 	.byte	19
00000038 08              367 	.byte	8
00000039 14              368 	.byte	20
0000003a 08              369 	.byte	8
0000003b 15              370 	.byte	21
0000003c 08              371 	.byte	8
0000003d 16              372 	.byte	22
0000003e 08              373 	.byte	8
0000003f 17              374 	.byte	23
00000040 08              375 	.byte	8
00000041 18              376 	.byte	24
00000042 08              377 	.byte	8
00000043 19              378 	.byte	25
00000044 08              379 	.byte	8
00000045 1a              380 	.byte	26
00000046 08              381 	.byte	8
00000047 1b              382 	.byte	27
00000048 08              383 	.byte	8
00000049 1c              384 	.byte	28
0000004a 08              385 	.byte	8
0000004b 1d              386 	.byte	29
0000004c 07              387 	.byte	7

                                                                      Page 8
                                                              C:\Users\a5085281\AppData\Local\Temp\gh_0000fsk1.s
0000004d 1e              388 	.byte	30
0000004e 08              389 	.byte	8
0000004f 1f              390 	.byte	31
00000050 07              391 	.byte	7
00000051 20              392 	.byte	32
00000052 07              393 	.byte	7
00000053 21              394 	.byte	33
00000054 07              395 	.byte	7
00000055 22              396 	.byte	34
00000056 07              397 	.byte	7
00000057 23              398 	.byte	35
00000058 07              399 	.byte	7
00000059 24              400 	.byte	36
0000005a 07              401 	.byte	7
0000005b 25              402 	.byte	37
0000005c 07              403 	.byte	7
0000005d 26              404 	.byte	38
0000005e 07              405 	.byte	7
0000005f 27              406 	.byte	39
00000060 07              407 	.byte	7
00000061 28              408 	.byte	40
00000062 07              409 	.byte	7
00000063 29              410 	.byte	41
00000064 07              411 	.byte	7
00000065 2a              412 	.byte	42
00000066 07              413 	.byte	7
00000067 2b              414 	.byte	43
00000068 07              415 	.byte	7
00000069 2c              416 	.byte	44
0000006a 07              417 	.byte	7
0000006b 2d              418 	.byte	45
0000006c 07              419 	.byte	7
0000006d 2e              420 	.byte	46
0000006e 07              421 	.byte	7
0000006f 2f              422 	.byte	47
00000070 07              423 	.byte	7
00000071 30              424 	.byte	48
00000072 07              425 	.byte	7
00000073 31              426 	.byte	49
00000074 07              427 	.byte	7
00000075 32              428 	.byte	50
00000076 07              429 	.byte	7
00000077 33              430 	.byte	51
00000078 07              431 	.byte	7
00000079 34              432 	.byte	52
0000007a 07              433 	.byte	7
0000007b 35              434 	.byte	53
0000007c 07              435 	.byte	7
0000007d 36              436 	.byte	54
0000007e 07              437 	.byte	7
0000007f 37              438 	.byte	55
00000080 07              439 	.byte	7
00000081 38              440 	.byte	56
00000082 07              441 	.byte	7
00000083 39              442 	.byte	57
00000084 07              443 	.byte	7
00000085 3a              444 	.byte	58
00000086 07              445 	.byte	7
00000087 3b              446 	.byte	59
00000088 07              447 	.byte	7
00000089 3c              448 	.byte	60

                                                                      Page 9
                                                              C:\Users\a5085281\AppData\Local\Temp\gh_0000fsk1.s
0000008a 07              449 	.byte	7
0000008b 3d              450 	.byte	61
0000008c 07              451 	.byte	7
0000008d 3e              452 	.byte	62
0000008e 07              453 	.byte	7
0000008f 3f              454 	.byte	63
                         455 .LDW_unq_2:
                         456 	.section	.debug_info
                         457 .LDW_33b4a90:
000000c3 47              458 	.byte	71
000000c4 01              459 	.byte	1
                         460 
                         461 	.section	.debug_abbrev
00000017 47              462 	.byte	71
00000018 15              463 	.byte	21
00000019 01              464 	.byte	1
0000001a 270c            465 	.byte	39,12
0000001c 0000            466 	.byte	0,0
                         467 
                         468 	.section	.debug_info
000000c5 00              469 	.byte	0
                         470 
                         471 .LDW_33b4630:
000000c6 47              472 	.byte	71
000000c7 01              473 	.byte	1
                         474 
000000c8 00              475 	.byte	0
                         476 
                         477 .LDW_33b47f0:
000000c9 47              478 	.byte	71
000000ca 01              479 	.byte	1
                         480 
000000cb 00              481 	.byte	0
                         482 
                         483 .LDW_33b48d0:
000000cc 47              484 	.byte	71
000000cd 01              485 	.byte	1
                         486 
000000ce 00              487 	.byte	0
                         488 
                         489 .LDW_33b4828:
000000cf 47              490 	.byte	71
000000d0 01              491 	.byte	1
                         492 
000000d1 00              493 	.byte	0
                         494 
                         495 .LDW_5844c20:
000000d2 15              496 	.byte	21
000000d3 6d61696e5f70    497 	.strz	"main_pe0"
000000d9 653000 
000000dc 01              498 	.byte	1
000000dd 06              499 	.byte	6
000000de 01              500 	.byte	1
000000df 00000000*       501 	.word	_main_pe0
000000e3 00000000*       502 	.word	___ghs_eofn_main_pe0
000000e7 0153            503 	.byte	1,83
000000e9 02              504 	.byte	2
000000ea 00              505 	.byte	0
000000eb 828004          506 	.byte	130,128,4
000000ee 00              507 	.byte	0
000000ef 00              508 	.byte	0

                                                                      Page 10
                                                              C:\Users\a5085281\AppData\Local\Temp\gh_0000fsk1.s
000000f0 00              509 	.byte	0
000000f1 00              510 	.byte	0
000000f2 01              511 	.byte	1
000000f3 01              512 	.byte	1
000000f4 00              513 	.byte	0
000000f5 01              514 	.byte	1
                         515 
                         516 	.section	.debug_abbrev
0000001e 15              517 	.byte	21
0000001f 2e              518 	.byte	46
00000020 01              519 	.byte	1
00000021 0308            520 	.byte	3,8
00000023 3b0f            521 	.byte	59,15
00000025 390f            522 	.byte	57,15
00000027 3a0f            523 	.byte	58,15
00000029 1101            524 	.byte	17,1
0000002b 1201            525 	.byte	18,1
0000002d 400a            526 	.byte	64,10
0000002f 8341            527 	.byte	131,65
00000031 0f              528 	.byte	15
00000032 8741            529 	.byte	135,65
00000034 0d              530 	.byte	13
00000035 8541            531 	.byte	133,65
00000037 0f              532 	.byte	15
00000038 8641            533 	.byte	134,65
0000003a 0d              534 	.byte	13
0000003b 9241            535 	.byte	146,65
0000003d 0f              536 	.byte	15
0000003e 3c0c            537 	.byte	60,12
00000040 200b            538 	.byte	32,11
00000042 3f0c            539 	.byte	63,12
00000044 320b            540 	.byte	50,11
00000046 4c0b            541 	.byte	76,11
00000048 270c            542 	.byte	39,12
0000004a 0000            543 	.byte	0,0
                         544 
                         545 	.section	.debug_frame
                         546 .LDW_5833c08:
00000090 00000000*       547 	.word	.LDW_unq_4-.LDW_unq_3
                         548 .LDW_unq_3:
00000094 00000000*       549 	.word	.LDW_586dfb0
00000098 00000000*       550 	.word	_main_pe0
0000009c 00000000*       551 	.word	___ghs_eofn_main_pe0-_main_pe0
000000a0 01              552 	.byte	1
000000a1 00000000*       553 	.word	.LDW11
000000a5 00              554 	.byte	0
000000a6 00              555 	.byte	0
000000a7 00              556 	.byte	0
                         557 .LDW_unq_4:
                         558 	.section	.debug_line
00000030 000502          559 	.byte	0,5,2
00000033 00000000*       560 	.word	_main_pe0
00000037 06              561 	.byte	6
00000038 0c              562 	.byte	12
00000039 000502          563 	.byte	0,5,2
0000003c 00000000*       564 	.word	.LDWlin1
00000040 0b              565 	.byte	11
00000041 06              566 	.byte	6
00000042 000502          567 	.byte	0,5,2
00000045 00000000*       568 	.word	___ghs_eofn_main_pe0
00000049 02              569 	.byte	2

                                                                      Page 11
                                                              C:\Users\a5085281\AppData\Local\Temp\gh_0000fsk1.s
0000004a 00              570 	.byte	0
0000004b 000101          571 	.byte	0,1,1
                         572 	.section	.debug_info
                         573 .LDW_33c6408:
000000f6 1f              574 	.byte	31
000000f7 00000000*       575 	.word	.LDW01
000000fb 00000000*       576 	.word	.LDW11
                         577 
                         578 	.section	.debug_abbrev
0000004c 1f              579 	.byte	31
0000004d 0b              580 	.byte	11
0000004e 01              581 	.byte	1
0000004f 1101            582 	.byte	17,1
00000051 1201            583 	.byte	18,1
00000053 0000            584 	.byte	0,0
                         585 
                         586 	.section	.debug_info
000000ff 00              587 	.byte	0
                         588 
00000100 00              589 	.byte	0
                         590 
                         591 .LDW_5844dc0:
00000101 15              592 	.byte	21
00000102 6d61696e5f70    593 	.strz	"main_pe1"
00000108 653100 
0000010b 06              594 	.byte	6
0000010c 06              595 	.byte	6
0000010d 01              596 	.byte	1
0000010e 00000000*       597 	.word	_main_pe1
00000112 00000000*       598 	.word	___ghs_eofn_main_pe1
00000116 0153            599 	.byte	1,83
00000118 02              600 	.byte	2
00000119 00              601 	.byte	0
0000011a 828004          602 	.byte	130,128,4
0000011d 00              603 	.byte	0
0000011e 00              604 	.byte	0
0000011f 00              605 	.byte	0
00000120 00              606 	.byte	0
00000121 01              607 	.byte	1
00000122 01              608 	.byte	1
00000123 00              609 	.byte	0
00000124 01              610 	.byte	1
                         611 
                         612 	.section	.debug_frame
                         613 .LDW_5880970:
000000a8 00000000*       614 	.word	.LDW_unq_6-.LDW_unq_5
                         615 .LDW_unq_5:
000000ac 00000000*       616 	.word	.LDW_586dfb0
000000b0 00000000*       617 	.word	_main_pe1
000000b4 00000000*       618 	.word	___ghs_eofn_main_pe1-_main_pe1
000000b8 01              619 	.byte	1
000000b9 00000000*       620 	.word	.LDW31
000000bd 00              621 	.byte	0
000000be 00              622 	.byte	0
000000bf 00              623 	.byte	0
                         624 .LDW_unq_6:
                         625 	.section	.debug_line
0000004e 000502          626 	.byte	0,5,2
00000051 00000000*       627 	.word	_main_pe1
00000055 06              628 	.byte	6
00000056 03              629 	.byte	3

                                                                      Page 12
                                                              C:\Users\a5085281\AppData\Local\Temp\gh_0000fsk1.s
00000057 07              630 	.byte	7
00000058 02              631 	.byte	2
00000059 00              632 	.byte	0
0000005a 01              633 	.byte	1
0000005b 000502          634 	.byte	0,5,2
0000005e 00000000*       635 	.word	.LDWlin3
00000062 0b              636 	.byte	11
00000063 06              637 	.byte	6
00000064 000502          638 	.byte	0,5,2
00000067 00000000*       639 	.word	___ghs_eofn_main_pe1
0000006b 02              640 	.byte	2
0000006c 00              641 	.byte	0
0000006d 000101          642 	.byte	0,1,1
                         643 	.section	.debug_info
                         644 .LDW_33c6438:
00000125 1f              645 	.byte	31
00000126 00000000*       646 	.word	.LDW21
0000012a 00000000*       647 	.word	.LDW31
                         648 
0000012e 00              649 	.byte	0
                         650 
0000012f 00              651 	.byte	0
                         652 
                         653 .LDW_33f6d30:
00000130 15              654 	.byte	21
00000131 6d61696e5f70    655 	.strz	"main_pe2"
00000137 653200 
0000013a 0b              656 	.byte	11
0000013b 06              657 	.byte	6
0000013c 01              658 	.byte	1
0000013d 00000000*       659 	.word	_main_pe2
00000141 00000000*       660 	.word	___ghs_eofn_main_pe2
00000145 0153            661 	.byte	1,83
00000147 02              662 	.byte	2
00000148 00              663 	.byte	0
00000149 828004          664 	.byte	130,128,4
0000014c 00              665 	.byte	0
0000014d 00              666 	.byte	0
0000014e 00              667 	.byte	0
0000014f 00              668 	.byte	0
00000150 01              669 	.byte	1
00000151 01              670 	.byte	1
00000152 00              671 	.byte	0
00000153 01              672 	.byte	1
                         673 
                         674 	.section	.debug_frame
                         675 .LDW_58777b0:
000000c0 00000000*       676 	.word	.LDW_unq_8-.LDW_unq_7
                         677 .LDW_unq_7:
000000c4 00000000*       678 	.word	.LDW_586dfb0
000000c8 00000000*       679 	.word	_main_pe2
000000cc 00000000*       680 	.word	___ghs_eofn_main_pe2-_main_pe2
000000d0 01              681 	.byte	1
000000d1 00000000*       682 	.word	.LDW51
000000d5 00              683 	.byte	0
000000d6 00              684 	.byte	0
000000d7 00              685 	.byte	0
                         686 .LDW_unq_8:
                         687 	.section	.debug_line
00000070 000502          688 	.byte	0,5,2
00000073 00000000*       689 	.word	_main_pe2

                                                                      Page 13
                                                              C:\Users\a5085281\AppData\Local\Temp\gh_0000fsk1.s
00000077 06              690 	.byte	6
00000078 03              691 	.byte	3
00000079 0c              692 	.byte	12
0000007a 02              693 	.byte	2
0000007b 00              694 	.byte	0
0000007c 01              695 	.byte	1
0000007d 000502          696 	.byte	0,5,2
00000080 00000000*       697 	.word	.LDWlin5
00000084 0b              698 	.byte	11
00000085 06              699 	.byte	6
00000086 000502          700 	.byte	0,5,2
00000089 00000000*       701 	.word	___ghs_eofn_main_pe2
0000008d 02              702 	.byte	2
0000008e 00              703 	.byte	0
0000008f 000101          704 	.byte	0,1,1
                         705 	.section	.debug_info
                         706 .LDW_33c6168:
00000154 1f              707 	.byte	31
00000155 00000000*       708 	.word	.LDW41
00000159 00000000*       709 	.word	.LDW51
                         710 
0000015d 00              711 	.byte	0
                         712 
0000015e 00              713 	.byte	0
                         714 
                         715 .LDW_33f6ed0:
0000015f 15              716 	.byte	21
00000160 6d61696e5f70    717 	.strz	"main_pe3"
00000166 653300 
00000169 10              718 	.byte	16
0000016a 06              719 	.byte	6
0000016b 01              720 	.byte	1
0000016c 00000000*       721 	.word	_main_pe3
00000170 00000000*       722 	.word	___ghs_eofn_main_pe3
00000174 0153            723 	.byte	1,83
00000176 02              724 	.byte	2
00000177 00              725 	.byte	0
00000178 828004          726 	.byte	130,128,4
0000017b 00              727 	.byte	0
0000017c 00              728 	.byte	0
0000017d 00              729 	.byte	0
0000017e 00              730 	.byte	0
0000017f 01              731 	.byte	1
00000180 01              732 	.byte	1
00000181 00              733 	.byte	0
00000182 01              734 	.byte	1
                         735 
                         736 	.section	.debug_frame
                         737 .LDW_5877230:
000000d8 00000000*       738 	.word	.LDW_unq_a-.LDW_unq_9
                         739 .LDW_unq_9:
000000dc 00000000*       740 	.word	.LDW_586dfb0
000000e0 00000000*       741 	.word	_main_pe3
000000e4 00000000*       742 	.word	___ghs_eofn_main_pe3-_main_pe3
000000e8 01              743 	.byte	1
000000e9 00000000*       744 	.word	.LDW71
000000ed 00              745 	.byte	0
000000ee 00              746 	.byte	0
000000ef 00              747 	.byte	0
                         748 .LDW_unq_a:
                         749 	.section	.debug_line

                                                                      Page 14
                                                              C:\Users\a5085281\AppData\Local\Temp\gh_0000fsk1.s
00000092 000502          750 	.byte	0,5,2
00000095 00000000*       751 	.word	_main_pe3
00000099 06              752 	.byte	6
0000009a 03              753 	.byte	3
0000009b 11              754 	.byte	17
0000009c 02              755 	.byte	2
0000009d 00              756 	.byte	0
0000009e 01              757 	.byte	1
0000009f 000502          758 	.byte	0,5,2
000000a2 00000000*       759 	.word	.LDWlin7
000000a6 0b              760 	.byte	11
000000a7 06              761 	.byte	6
000000a8 000502          762 	.byte	0,5,2
000000ab 00000000*       763 	.word	___ghs_eofn_main_pe3
000000af 02              764 	.byte	2
000000b0 00              765 	.byte	0
000000b1 000101          766 	.byte	0,1,1
                         767 	.section	.debug_info
                         768 .LDW_33c5e98:
00000183 1f              769 	.byte	31
00000184 00000000*       770 	.word	.LDW61
00000188 00000000*       771 	.word	.LDW71
                         772 
0000018c 00              773 	.byte	0
                         774 
0000018d 00              775 	.byte	0
                         776 
                         777 .LDW_33f7070:
0000018e 15              778 	.byte	21
0000018f 6d61696e5f70    779 	.strz	"main_pe4"
00000195 653400 
00000198 15              780 	.byte	21
00000199 06              781 	.byte	6
0000019a 01              782 	.byte	1
0000019b 00000000*       783 	.word	_main_pe4
0000019f 00000000*       784 	.word	___ghs_eofn_main_pe4
000001a3 0153            785 	.byte	1,83
000001a5 02              786 	.byte	2
000001a6 00              787 	.byte	0
000001a7 828004          788 	.byte	130,128,4
000001aa 00              789 	.byte	0
000001ab 00              790 	.byte	0
000001ac 00              791 	.byte	0
000001ad 00              792 	.byte	0
000001ae 01              793 	.byte	1
000001af 01              794 	.byte	1
000001b0 00              795 	.byte	0
000001b1 01              796 	.byte	1
                         797 
                         798 	.section	.debug_frame
                         799 .LDW_58775f0:
000000f0 00000000*       800 	.word	.LDW_unq_c-.LDW_unq_b
                         801 .LDW_unq_b:
000000f4 00000000*       802 	.word	.LDW_586dfb0
000000f8 00000000*       803 	.word	_main_pe4
000000fc 00000000*       804 	.word	___ghs_eofn_main_pe4-_main_pe4
00000100 01              805 	.byte	1
00000101 00000000*       806 	.word	.LDW91
00000105 00              807 	.byte	0
00000106 00              808 	.byte	0
00000107 00              809 	.byte	0

                                                                      Page 15
                                                              C:\Users\a5085281\AppData\Local\Temp\gh_0000fsk1.s
                         810 .LDW_unq_c:
                         811 	.section	.debug_line
000000b4 000502          812 	.byte	0,5,2
000000b7 00000000*       813 	.word	_main_pe4
000000bb 06              814 	.byte	6
000000bc 03              815 	.byte	3
000000bd 16              816 	.byte	22
000000be 02              817 	.byte	2
000000bf 00              818 	.byte	0
000000c0 01              819 	.byte	1
000000c1 000502          820 	.byte	0,5,2
000000c4 00000000*       821 	.word	.LDWlin9
000000c8 0b              822 	.byte	11
000000c9 06              823 	.byte	6
000000ca 000502          824 	.byte	0,5,2
000000cd 00000000*       825 	.word	___ghs_eofn_main_pe4
000000d1 02              826 	.byte	2
000000d2 00              827 	.byte	0
000000d3 000101          828 	.byte	0,1,1
                         829 	.section	.debug_info
                         830 .LDW_33c63d8:
000001b2 1f              831 	.byte	31
000001b3 00000000*       832 	.word	.LDW81
000001b7 00000000*       833 	.word	.LDW91
                         834 
000001bb 00              835 	.byte	0
                         836 
000001bc 00              837 	.byte	0
                         838 
000001bd 00              839 	.byte	0
                         840 
                         841 	.section	.debug_line
                         842 .Ldw_line_end:
                         843 	.section	.debug_macinfo
00000000 03              844 	.byte	3
00000001 00              845 	.byte	0
00000002 01              846 	.byte	1
00000003 04              847 	.byte	4
00000004 00              848 	.byte	0
                         849 	.section	.debug_abbrev
00000055 00              850 	.byte	0
                         851 	.section	.debug_info
                         852 .Ldw_end:
                         853 .rh850_flags REGMODE32,DATA_ALIGN8,GP_FIX,EP_NONFIX,TP_FIX,REG2_RESERVE,G3KH,SDA_EXTRA_REGS_0
